11:40:59 **** Incremental Build of configuration Debug for project VGAtest ****
make all 
make: Ništa za napraviti za `all'.
11:41:10 **** Auto Build of configuration Debug for project VGAtest ****
make all 
'Building file: ../src/helloworld.c'
'Invoking: MicroBlaze gcc compiler'
mb-gcc -Wall -O0 -g3 -c -fmessage-length=0 -I../../VGAtest_bsp/microblaze_0/include -mlittle-endian -mxl-barrel-shift -mxl-pattern-compare -mcpu=v8.50.b -mno-xl-soft-mul -Wl,--no-relax -ffunction-sections -fdata-sections -MMD -MP -MF"src/helloworld.d" -MT"src/helloworld.d" -o "src/helloworld.o" "../src/helloworld.c"
../src/helloworld.c: In function 'main':
../src/helloworld.c:165:6: warning: unused variable 'i' [-Wunused-variable]
'Finished building: ../src/helloworld.c'
' '
'Building target: VGAtest.elf'
'Invoking: MicroBlaze gcc linker'
mb-gcc -Wl,-T -Wl,../src/lscript.ld -L../../VGAtest_bsp/microblaze_0/lib -mlittle-endian -mxl-barrel-shift -mxl-pattern-compare -mcpu=v8.50.b -mno-xl-soft-mul -Wl,--no-relax -Wl,--gc-sections -o "VGAtest.elf"  ./src/helloworld.o ./src/platform.o   -Wl,--start-group,-lxil,-lgcc,-lc,--end-group
'Finished building target: VGAtest.elf'
' '
'Invoking: MicroBlaze Print Size'
mb-size VGAtest.elf  |tee "VGAtest.elf.size"
   text	   data	    bss	    dec	    hex	filename
   7826	    316	   2250	  10392	   2898	VGAtest.elf
'Finished building: VGAtest.elf.size'
' '
'Invoking: Xilinx ELF Check'
elfcheck VGAtest.elf -hw ../../TREX_hw_platform/system.xml -pe microblaze_0  |tee "VGAtest.elf.elfcheck"
elfcheck
Xilinx EDK 14.6 Build EDK_P.68d
Copyright (c) 1995-2012 Xilinx, Inc.  All rights reserved.

Command Line: elfcheck -hw ../../TREX_hw_platform/system.xml -pe microblaze_0
VGAtest.elf 

ELF file	: VGAtest.elf
elfcheck passed.
'Finished building: VGAtest.elf.elfcheck'
' '
11:41:21 **** Auto Build of configuration Debug for project VGAtest ****
make all 
'Building file: ../src/helloworld.c'
'Invoking: MicroBlaze gcc compiler'
mb-gcc -Wall -O0 -g3 -c -fmessage-length=0 -I../../VGAtest_bsp/microblaze_0/include -mlittle-endian -mxl-barrel-shift -mxl-pattern-compare -mcpu=v8.50.b -mno-xl-soft-mul -Wl,--no-relax -ffunction-sections -fdata-sections -MMD -MP -MF"src/helloworld.d" -MT"src/helloworld.d" -o "src/helloworld.o" "../src/helloworld.c"
../src/helloworld.c: In function 'main':
../src/helloworld.c:165:6: warning: unused variable 'i' [-Wunused-variable]
'Finished building: ../src/helloworld.c'
' '
'Building target: VGAtest.elf'
'Invoking: MicroBlaze gcc linker'
mb-gcc -Wl,-T -Wl,../src/lscript.ld -L../../VGAtest_bsp/microblaze_0/lib -mlittle-endian -mxl-barrel-shift -mxl-pattern-compare -mcpu=v8.50.b -mno-xl-soft-mul -Wl,--no-relax -Wl,--gc-sections -o "VGAtest.elf"  ./src/helloworld.o ./src/platform.o   -Wl,--start-group,-lxil,-lgcc,-lc,--end-group
'Finished building target: VGAtest.elf'
' '
'Invoking: MicroBlaze Print Size'
mb-size VGAtest.elf  |tee "VGAtest.elf.size"
   text	   data	    bss	    dec	    hex	filename
   7826	    316	   2250	  10392	   2898	VGAtest.elf
'Finished building: VGAtest.elf.size'
' '
'Invoking: Xilinx ELF Check'
elfcheck VGAtest.elf -hw ../../TREX_hw_platform/system.xml -pe microblaze_0  |tee "VGAtest.elf.elfcheck"
elfcheck
Xilinx EDK 14.6 Build EDK_P.68d
Copyright (c) 1995-2012 Xilinx, Inc.  All rights reserved.

Command Line: elfcheck -hw ../../TREX_hw_platform/system.xml -pe microblaze_0
VGAtest.elf 

ELF file	: VGAtest.elf
elfcheck passed.
'Finished building: VGAtest.elf.elfcheck'
' '
11:41:31 **** Auto Build of project Space_invaders_bsp ****
make -k all 
'Finished building libraries'
11:41:31 **** Auto Build of project VGAtest_bsp ****
make -k all 
'Finished building libraries'
11:42:00 **** Auto Build of configuration Debug for project VGAtest ****
make all 
'Building file: ../src/helloworld.c'
'Invoking: MicroBlaze gcc compiler'
mb-gcc -Wall -O0 -g3 -c -fmessage-length=0 -I../../VGAtest_bsp/microblaze_0/include -mlittle-endian -mxl-barrel-shift -mxl-pattern-compare -mcpu=v8.50.b -mno-xl-soft-mul -Wl,--no-relax -ffunction-sections -fdata-sections -MMD -MP -MF"src/helloworld.d" -MT"src/helloworld.d" -o "src/helloworld.o" "../src/helloworld.c"
../src/helloworld.c: In function 'main':
../src/helloworld.c:165:6: warning: unused variable 'i' [-Wunused-variable]
'Finished building: ../src/helloworld.c'
' '
'Building target: VGAtest.elf'
'Invoking: MicroBlaze gcc linker'
mb-gcc -Wl,-T -Wl,../src/lscript.ld -L../../VGAtest_bsp/microblaze_0/lib -mlittle-endian -mxl-barrel-shift -mxl-pattern-compare -mcpu=v8.50.b -mno-xl-soft-mul -Wl,--no-relax -Wl,--gc-sections -o "VGAtest.elf"  ./src/helloworld.o ./src/platform.o   -Wl,--start-group,-lxil,-lgcc,-lc,--end-group
'Finished building target: VGAtest.elf'
' '
'Invoking: MicroBlaze Print Size'
mb-size VGAtest.elf  |tee "VGAtest.elf.size"
   text	   data	    bss	    dec	    hex	filename
   7826	    316	   2250	  10392	   2898	VGAtest.elf
'Finished building: VGAtest.elf.size'
' '
'Invoking: Xilinx ELF Check'
elfcheck VGAtest.elf -hw ../../TREX_hw_platform/system.xml -pe microblaze_0  |tee "VGAtest.elf.elfcheck"
elfcheck
Xilinx EDK 14.6 Build EDK_P.68d
Copyright (c) 1995-2012 Xilinx, Inc.  All rights reserved.

Command Line: elfcheck -hw ../../TREX_hw_platform/system.xml -pe microblaze_0
VGAtest.elf 

ELF file	: VGAtest.elf
elfcheck passed.
'Finished building: VGAtest.elf.elfcheck'
' '
11:42:02 **** Auto Build of configuration Debug for project VGAtest ****
make all 
'Building file: ../src/helloworld.c'
'Invoking: MicroBlaze gcc compiler'
mb-gcc -Wall -O0 -g3 -c -fmessage-length=0 -I../../VGAtest_bsp/microblaze_0/include -mlittle-endian -mxl-barrel-shift -mxl-pattern-compare -mcpu=v8.50.b -mno-xl-soft-mul -Wl,--no-relax -ffunction-sections -fdata-sections -MMD -MP -MF"src/helloworld.d" -MT"src/helloworld.d" -o "src/helloworld.o" "../src/helloworld.c"
../src/helloworld.c: In function 'main':
../src/helloworld.c:165:6: warning: unused variable 'i' [-Wunused-variable]
'Finished building: ../src/helloworld.c'
' '
'Building target: VGAtest.elf'
'Invoking: MicroBlaze gcc linker'
mb-gcc -Wl,-T -Wl,../src/lscript.ld -L../../VGAtest_bsp/microblaze_0/lib -mlittle-endian -mxl-barrel-shift -mxl-pattern-compare -mcpu=v8.50.b -mno-xl-soft-mul -Wl,--no-relax -Wl,--gc-sections -o "VGAtest.elf"  ./src/helloworld.o ./src/platform.o   -Wl,--start-group,-lxil,-lgcc,-lc,--end-group
'Finished building target: VGAtest.elf'
' '
'Invoking: MicroBlaze Print Size'
mb-size VGAtest.elf  |tee "VGAtest.elf.size"
   text	   data	    bss	    dec	    hex	filename
   7826	    316	   2250	  10392	   2898	VGAtest.elf
'Finished building: VGAtest.elf.size'
' '
'Invoking: Xilinx ELF Check'
elfcheck VGAtest.elf -hw ../../TREX_hw_platform/system.xml -pe microblaze_0  |tee "VGAtest.elf.elfcheck"
elfcheck
Xilinx EDK 14.6 Build EDK_P.68d
Copyright (c) 1995-2012 Xilinx, Inc.  All rights reserved.

Command Line: elfcheck -hw ../../TREX_hw_platform/system.xml -pe microblaze_0
VGAtest.elf 

ELF file	: VGAtest.elf
elfcheck passed.
'Finished building: VGAtest.elf.elfcheck'
' '
11:42:13 **** Auto Build of project Space_invaders_bsp ****
make -k all 
'Finished building libraries'
11:42:13 **** Auto Build of project VGAtest_bsp ****
make -k all 
'Finished building libraries'
11:42:20 **** Auto Build of configuration Debug for project VGAtest ****
make all 
'Building file: ../src/helloworld.c'
'Invoking: MicroBlaze gcc compiler'
mb-gcc -Wall -O0 -g3 -c -fmessage-length=0 -I../../VGAtest_bsp/microblaze_0/include -mlittle-endian -mxl-barrel-shift -mxl-pattern-compare -mcpu=v8.50.b -mno-xl-soft-mul -Wl,--no-relax -ffunction-sections -fdata-sections -MMD -MP -MF"src/helloworld.d" -MT"src/helloworld.d" -o "src/helloworld.o" "../src/helloworld.c"
../src/helloworld.c: In function 'vga_interrupt_handler':
../src/helloworld.c:148:2: warning: large integer implicitly truncated to unsigned type [-Woverflow]
../src/helloworld.c: In function 'main':
../src/helloworld.c:165:6: warning: unused variable 'i' [-Wunused-variable]
'Finished building: ../src/helloworld.c'
' '
'Building target: VGAtest.elf'
'Invoking: MicroBlaze gcc linker'
mb-gcc -Wl,-T -Wl,../src/lscript.ld -L../../VGAtest_bsp/microblaze_0/lib -mlittle-endian -mxl-barrel-shift -mxl-pattern-compare -mcpu=v8.50.b -mno-xl-soft-mul -Wl,--no-relax -Wl,--gc-sections -o "VGAtest.elf"  ./src/helloworld.o ./src/platform.o   -Wl,--start-group,-lxil,-lgcc,-lc,--end-group
'Finished building target: VGAtest.elf'
' '
'Invoking: MicroBlaze Print Size'
mb-size VGAtest.elf  |tee "VGAtest.elf.size"
   text	   data	    bss	    dec	    hex	filename
   7826	    316	   2250	  10392	   2898	VGAtest.elf
'Finished building: VGAtest.elf.size'
' '
'Invoking: Xilinx ELF Check'
elfcheck VGAtest.elf -hw ../../TREX_hw_platform/system.xml -pe microblaze_0  |tee "VGAtest.elf.elfcheck"
elfcheck
Xilinx EDK 14.6 Build EDK_P.68d
Copyright (c) 1995-2012 Xilinx, Inc.  All rights reserved.

Command Line: elfcheck -hw ../../TREX_hw_platform/system.xml -pe microblaze_0
VGAtest.elf 

ELF file	: VGAtest.elf
elfcheck passed.
'Finished building: VGAtest.elf.elfcheck'
' '
11:42:32 **** Auto Build of project Space_invaders_bsp ****
make -k all 
'Finished building libraries'
11:42:32 **** Auto Build of project VGAtest_bsp ****
make -k all 
'Finished building libraries'
11:42:49 **** Auto Build of configuration Debug for project VGAtest ****
make all 
'Building file: ../src/helloworld.c'
'Invoking: MicroBlaze gcc compiler'
mb-gcc -Wall -O0 -g3 -c -fmessage-length=0 -I../../VGAtest_bsp/microblaze_0/include -mlittle-endian -mxl-barrel-shift -mxl-pattern-compare -mcpu=v8.50.b -mno-xl-soft-mul -Wl,--no-relax -ffunction-sections -fdata-sections -MMD -MP -MF"src/helloworld.d" -MT"src/helloworld.d" -o "src/helloworld.o" "../src/helloworld.c"
../src/helloworld.c: In function 'vga_interrupt_handler':
../src/helloworld.c:148:2: warning: large integer implicitly truncated to unsigned type [-Woverflow]
../src/helloworld.c: In function 'main':
../src/helloworld.c:165:6: warning: unused variable 'i' [-Wunused-variable]
'Finished building: ../src/helloworld.c'
' '
'Building target: VGAtest.elf'
'Invoking: MicroBlaze gcc linker'
mb-gcc -Wl,-T -Wl,../src/lscript.ld -L../../VGAtest_bsp/microblaze_0/lib -mlittle-endian -mxl-barrel-shift -mxl-pattern-compare -mcpu=v8.50.b -mno-xl-soft-mul -Wl,--no-relax -Wl,--gc-sections -o "VGAtest.elf"  ./src/helloworld.o ./src/platform.o   -Wl,--start-group,-lxil,-lgcc,-lc,--end-group
'Finished building target: VGAtest.elf'
' '
'Invoking: MicroBlaze Print Size'
mb-size VGAtest.elf  |tee "VGAtest.elf.size"
   text	   data	    bss	    dec	    hex	filename
   7826	    316	   2250	  10392	   2898	VGAtest.elf
'Finished building: VGAtest.elf.size'
' '
'Invoking: Xilinx ELF Check'
elfcheck VGAtest.elf -hw ../../TREX_hw_platform/system.xml -pe microblaze_0  |tee "VGAtest.elf.elfcheck"
elfcheck
Xilinx EDK 14.6 Build EDK_P.68d
Copyright (c) 1995-2012 Xilinx, Inc.  All rights reserved.

Command Line: elfcheck -hw ../../TREX_hw_platform/system.xml -pe microblaze_0
VGAtest.elf 

ELF file	: VGAtest.elf
elfcheck passed.
'Finished building: VGAtest.elf.elfcheck'
' '
11:43:08 **** Auto Build of configuration Debug for project VGAtest ****
make all 
'Building file: ../src/helloworld.c'
'Invoking: MicroBlaze gcc compiler'
mb-gcc -Wall -O0 -g3 -c -fmessage-length=0 -I../../VGAtest_bsp/microblaze_0/include -mlittle-endian -mxl-barrel-shift -mxl-pattern-compare -mcpu=v8.50.b -mno-xl-soft-mul -Wl,--no-relax -ffunction-sections -fdata-sections -MMD -MP -MF"src/helloworld.d" -MT"src/helloworld.d" -o "src/helloworld.o" "../src/helloworld.c"
../src/helloworld.c: In function 'main':
../src/helloworld.c:165:6: warning: unused variable 'i' [-Wunused-variable]
'Finished building: ../src/helloworld.c'
' '
'Building target: VGAtest.elf'
'Invoking: MicroBlaze gcc linker'
mb-gcc -Wl,-T -Wl,../src/lscript.ld -L../../VGAtest_bsp/microblaze_0/lib -mlittle-endian -mxl-barrel-shift -mxl-pattern-compare -mcpu=v8.50.b -mno-xl-soft-mul -Wl,--no-relax -Wl,--gc-sections -o "VGAtest.elf"  ./src/helloworld.o ./src/platform.o   -Wl,--start-group,-lxil,-lgcc,-lc,--end-group
'Finished building target: VGAtest.elf'
' '
'Invoking: MicroBlaze Print Size'
mb-size VGAtest.elf  |tee "VGAtest.elf.size"
   text	   data	    bss	    dec	    hex	filename
   7818	    316	   2250	  10384	   2890	VGAtest.elf
'Finished building: VGAtest.elf.size'
' '
'Invoking: Xilinx ELF Check'
elfcheck VGAtest.elf -hw ../../TREX_hw_platform/system.xml -pe microblaze_0  |tee "VGAtest.elf.elfcheck"
elfcheck
Xilinx EDK 14.6 Build EDK_P.68d
Copyright (c) 1995-2012 Xilinx, Inc.  All rights reserved.

Command Line: elfcheck -hw ../../TREX_hw_platform/system.xml -pe microblaze_0
VGAtest.elf 

ELF file	: VGAtest.elf
elfcheck passed.
'Finished building: VGAtest.elf.elfcheck'
' '
11:43:22 **** Auto Build of project Space_invaders_bsp ****
make -k all 
'Finished building libraries'
11:43:23 **** Auto Build of project VGAtest_bsp ****
make -k all 
'Finished building libraries'
11:45:41 **** Auto Build of configuration Debug for project VGAtest ****
make all 
'Building file: ../src/helloworld.c'
'Invoking: MicroBlaze gcc compiler'
mb-gcc -Wall -O0 -g3 -c -fmessage-length=0 -I../../VGAtest_bsp/microblaze_0/include -mlittle-endian -mxl-barrel-shift -mxl-pattern-compare -mcpu=v8.50.b -mno-xl-soft-mul -Wl,--no-relax -ffunction-sections -fdata-sections -MMD -MP -MF"src/helloworld.d" -MT"src/helloworld.d" -o "src/helloworld.o" "../src/helloworld.c"
../src/helloworld.c: In function 'main':
../src/helloworld.c:168:6: warning: unused variable 'i' [-Wunused-variable]
'Finished building: ../src/helloworld.c'
' '
'Building target: VGAtest.elf'
'Invoking: MicroBlaze gcc linker'
mb-gcc -Wl,-T -Wl,../src/lscript.ld -L../../VGAtest_bsp/microblaze_0/lib -mlittle-endian -mxl-barrel-shift -mxl-pattern-compare -mcpu=v8.50.b -mno-xl-soft-mul -Wl,--no-relax -Wl,--gc-sections -o "VGAtest.elf"  ./src/helloworld.o ./src/platform.o   -Wl,--start-group,-lxil,-lgcc,-lc,--end-group
'Finished building target: VGAtest.elf'
' '
'Invoking: MicroBlaze Print Size'
mb-size VGAtest.elf  |tee "VGAtest.elf.size"
   text	   data	    bss	    dec	    hex	filename
   7818	    316	   2250	  10384	   2890	VGAtest.elf
'Finished building: VGAtest.elf.size'
' '
'Invoking: Xilinx ELF Check'
elfcheck VGAtest.elf -hw ../../TREX_hw_platform/system.xml -pe microblaze_0  |tee "VGAtest.elf.elfcheck"
elfcheck
Xilinx EDK 14.6 Build EDK_P.68d
Copyright (c) 1995-2012 Xilinx, Inc.  All rights reserved.

Command Line: elfcheck -hw ../../TREX_hw_platform/system.xml -pe microblaze_0
VGAtest.elf 

ELF file	: VGAtest.elf
elfcheck passed.
'Finished building: VGAtest.elf.elfcheck'
' '
11:45:49 **** Auto Build of configuration Debug for project VGAtest ****
make all 
'Building file: ../src/helloworld.c'
'Invoking: MicroBlaze gcc compiler'
mb-gcc -Wall -O0 -g3 -c -fmessage-length=0 -I../../VGAtest_bsp/microblaze_0/include -mlittle-endian -mxl-barrel-shift -mxl-pattern-compare -mcpu=v8.50.b -mno-xl-soft-mul -Wl,--no-relax -ffunction-sections -fdata-sections -MMD -MP -MF"src/helloworld.d" -MT"src/helloworld.d" -o "src/helloworld.o" "../src/helloworld.c"
../src/helloworld.c: In function 'main':
../src/helloworld.c:155:6: warning: unused variable 'i' [-Wunused-variable]
'Finished building: ../src/helloworld.c'
' '
'Building target: VGAtest.elf'
'Invoking: MicroBlaze gcc linker'
mb-gcc -Wl,-T -Wl,../src/lscript.ld -L../../VGAtest_bsp/microblaze_0/lib -mlittle-endian -mxl-barrel-shift -mxl-pattern-compare -mcpu=v8.50.b -mno-xl-soft-mul -Wl,--no-relax -Wl,--gc-sections -o "VGAtest.elf"  ./src/helloworld.o ./src/platform.o   -Wl,--start-group,-lxil,-lgcc,-lc,--end-group
'Finished building target: VGAtest.elf'
' '
'Invoking: MicroBlaze Print Size'
mb-size VGAtest.elf  |tee "VGAtest.elf.size"
   text	   data	    bss	    dec	    hex	filename
   7818	    316	   2250	  10384	   2890	VGAtest.elf
'Finished building: VGAtest.elf.size'
' '
'Invoking: Xilinx ELF Check'
elfcheck VGAtest.elf -hw ../../TREX_hw_platform/system.xml -pe microblaze_0  |tee "VGAtest.elf.elfcheck"
elfcheck
Xilinx EDK 14.6 Build EDK_P.68d
Copyright (c) 1995-2012 Xilinx, Inc.  All rights reserved.

Command Line: elfcheck -hw ../../TREX_hw_platform/system.xml -pe microblaze_0
VGAtest.elf 

ELF file	: VGAtest.elf
elfcheck passed.
'Finished building: VGAtest.elf.elfcheck'
' '
11:46:00 **** Auto Build of configuration Debug for project VGAtest ****
make all 
'Building file: ../src/helloworld.c'
'Invoking: MicroBlaze gcc compiler'
mb-gcc -Wall -O0 -g3 -c -fmessage-length=0 -I../../VGAtest_bsp/microblaze_0/include -mlittle-endian -mxl-barrel-shift -mxl-pattern-compare -mcpu=v8.50.b -mno-xl-soft-mul -Wl,--no-relax -ffunction-sections -fdata-sections -MMD -MP -MF"src/helloworld.d" -MT"src/helloworld.d" -o "src/helloworld.o" "../src/helloworld.c"
../src/helloworld.c: In function 'main':
../src/helloworld.c:155:6: warning: unused variable 'i' [-Wunused-variable]
'Finished building: ../src/helloworld.c'
' '
'Building target: VGAtest.elf'
'Invoking: MicroBlaze gcc linker'
mb-gcc -Wl,-T -Wl,../src/lscript.ld -L../../VGAtest_bsp/microblaze_0/lib -mlittle-endian -mxl-barrel-shift -mxl-pattern-compare -mcpu=v8.50.b -mno-xl-soft-mul -Wl,--no-relax -Wl,--gc-sections -o "VGAtest.elf"  ./src/helloworld.o ./src/platform.o   -Wl,--start-group,-lxil,-lgcc,-lc,--end-group
'Finished building target: VGAtest.elf'
' '
'Invoking: MicroBlaze Print Size'
mb-size VGAtest.elf  |tee "VGAtest.elf.size"
   text	   data	    bss	    dec	    hex	filename
   7826	    316	   2250	  10392	   2898	VGAtest.elf
'Finished building: VGAtest.elf.size'
' '
'Invoking: Xilinx ELF Check'
elfcheck VGAtest.elf -hw ../../TREX_hw_platform/system.xml -pe microblaze_0  |tee "VGAtest.elf.elfcheck"
elfcheck
Xilinx EDK 14.6 Build EDK_P.68d
Copyright (c) 1995-2012 Xilinx, Inc.  All rights reserved.

Command Line: elfcheck -hw ../../TREX_hw_platform/system.xml -pe microblaze_0
VGAtest.elf 

ELF file	: VGAtest.elf
elfcheck passed.
'Finished building: VGAtest.elf.elfcheck'
' '
11:46:10 **** Auto Build of project Space_invaders_bsp ****
make -k all 
'Finished building libraries'
11:46:10 **** Auto Build of project VGAtest_bsp ****
make -k all 
'Finished building libraries'
11:46:36 **** Auto Build of configuration Debug for project VGAtest ****
make all 
'Building file: ../src/helloworld.c'
'Invoking: MicroBlaze gcc compiler'
mb-gcc -Wall -O0 -g3 -c -fmessage-length=0 -I../../VGAtest_bsp/microblaze_0/include -mlittle-endian -mxl-barrel-shift -mxl-pattern-compare -mcpu=v8.50.b -mno-xl-soft-mul -Wl,--no-relax -ffunction-sections -fdata-sections -MMD -MP -MF"src/helloworld.d" -MT"src/helloworld.d" -o "src/helloworld.o" "../src/helloworld.c"
../src/helloworld.c: In function 'main':
../src/helloworld.c:158:6: warning: unused variable 'i' [-Wunused-variable]
'Finished building: ../src/helloworld.c'
' '
'Building target: VGAtest.elf'
'Invoking: MicroBlaze gcc linker'
mb-gcc -Wl,-T -Wl,../src/lscript.ld -L../../VGAtest_bsp/microblaze_0/lib -mlittle-endian -mxl-barrel-shift -mxl-pattern-compare -mcpu=v8.50.b -mno-xl-soft-mul -Wl,--no-relax -Wl,--gc-sections -o "VGAtest.elf"  ./src/helloworld.o ./src/platform.o   -Wl,--start-group,-lxil,-lgcc,-lc,--end-group
'Finished building target: VGAtest.elf'
' '
'Invoking: MicroBlaze Print Size'
mb-size VGAtest.elf  |tee "VGAtest.elf.size"
   text	   data	    bss	    dec	    hex	filename
   7850	    316	   2250	  10416	   28b0	VGAtest.elf
'Finished building: VGAtest.elf.size'
' '
'Invoking: Xilinx ELF Check'
elfcheck VGAtest.elf -hw ../../TREX_hw_platform/system.xml -pe microblaze_0  |tee "VGAtest.elf.elfcheck"
elfcheck
Xilinx EDK 14.6 Build EDK_P.68d
Copyright (c) 1995-2012 Xilinx, Inc.  All rights reserved.

Command Line: elfcheck -hw ../../TREX_hw_platform/system.xml -pe microblaze_0
VGAtest.elf 

ELF file	: VGAtest.elf
elfcheck passed.
'Finished building: VGAtest.elf.elfcheck'
' '
11:46:47 **** Auto Build of project Space_invaders_bsp ****
make -k all 
'Finished building libraries'
11:46:47 **** Auto Build of project VGAtest_bsp ****
make -k all 
'Finished building libraries'
11:47:38 **** Auto Build of configuration Debug for project VGAtest ****
make all 
'Building file: ../src/helloworld.c'
'Invoking: MicroBlaze gcc compiler'
mb-gcc -Wall -O0 -g3 -c -fmessage-length=0 -I../../VGAtest_bsp/microblaze_0/include -mlittle-endian -mxl-barrel-shift -mxl-pattern-compare -mcpu=v8.50.b -mno-xl-soft-mul -Wl,--no-relax -ffunction-sections -fdata-sections -MMD -MP -MF"src/helloworld.d" -MT"src/helloworld.d" -o "src/helloworld.o" "../src/helloworld.c"
../src/helloworld.c: In function 'main':
../src/helloworld.c:162:6: warning: unused variable 'i' [-Wunused-variable]
'Finished building: ../src/helloworld.c'
' '
'Building target: VGAtest.elf'
'Invoking: MicroBlaze gcc linker'
mb-gcc -Wl,-T -Wl,../src/lscript.ld -L../../VGAtest_bsp/microblaze_0/lib -mlittle-endian -mxl-barrel-shift -mxl-pattern-compare -mcpu=v8.50.b -mno-xl-soft-mul -Wl,--no-relax -Wl,--gc-sections -o "VGAtest.elf"  ./src/helloworld.o ./src/platform.o   -Wl,--start-group,-lxil,-lgcc,-lc,--end-group
'Finished building target: VGAtest.elf'
' '
'Invoking: MicroBlaze Print Size'
mb-size VGAtest.elf  |tee "VGAtest.elf.size"
   text	   data	    bss	    dec	    hex	filename
   7890	    316	   2250	  10456	   28d8	VGAtest.elf
'Finished building: VGAtest.elf.size'
' '
'Invoking: Xilinx ELF Check'
elfcheck VGAtest.elf -hw ../../TREX_hw_platform/system.xml -pe microblaze_0  |tee "VGAtest.elf.elfcheck"
elfcheck
Xilinx EDK 14.6 Build EDK_P.68d
Copyright (c) 1995-2012 Xilinx, Inc.  All rights reserved.

Command Line: elfcheck -hw ../../TREX_hw_platform/system.xml -pe microblaze_0
VGAtest.elf 

ELF file	: VGAtest.elf
elfcheck passed.
'Finished building: VGAtest.elf.elfcheck'
' '
11:47:49 **** Auto Build of project Space_invaders_bsp ****
make -k all 
'Finished building libraries'
11:47:49 **** Auto Build of project VGAtest_bsp ****
make -k all 
'Finished building libraries'
11:48:01 **** Auto Build of configuration Debug for project VGAtest ****
make all 
'Building file: ../src/helloworld.c'
'Invoking: MicroBlaze gcc compiler'
mb-gcc -Wall -O0 -g3 -c -fmessage-length=0 -I../../VGAtest_bsp/microblaze_0/include -mlittle-endian -mxl-barrel-shift -mxl-pattern-compare -mcpu=v8.50.b -mno-xl-soft-mul -Wl,--no-relax -ffunction-sections -fdata-sections -MMD -MP -MF"src/helloworld.d" -MT"src/helloworld.d" -o "src/helloworld.o" "../src/helloworld.c"
../src/helloworld.c: In function 'main':
../src/helloworld.c:162:6: warning: unused variable 'i' [-Wunused-variable]
'Finished building: ../src/helloworld.c'
' '
'Building target: VGAtest.elf'
'Invoking: MicroBlaze gcc linker'
mb-gcc -Wl,-T -Wl,../src/lscript.ld -L../../VGAtest_bsp/microblaze_0/lib -mlittle-endian -mxl-barrel-shift -mxl-pattern-compare -mcpu=v8.50.b -mno-xl-soft-mul -Wl,--no-relax -Wl,--gc-sections -o "VGAtest.elf"  ./src/helloworld.o ./src/platform.o   -Wl,--start-group,-lxil,-lgcc,-lc,--end-group
'Finished building target: VGAtest.elf'
' '
'Invoking: MicroBlaze Print Size'
mb-size VGAtest.elf  |tee "VGAtest.elf.size"
   text	   data	    bss	    dec	    hex	filename
   7890	    316	   2250	  10456	   28d8	VGAtest.elf
'Finished building: VGAtest.elf.size'
' '
'Invoking: Xilinx ELF Check'
elfcheck VGAtest.elf -hw ../../TREX_hw_platform/system.xml -pe microblaze_0  |tee "VGAtest.elf.elfcheck"
elfcheck
Xilinx EDK 14.6 Build EDK_P.68d
Copyright (c) 1995-2012 Xilinx, Inc.  All rights reserved.

Command Line: elfcheck -hw ../../TREX_hw_platform/system.xml -pe microblaze_0
VGAtest.elf 

ELF file	: VGAtest.elf
elfcheck passed.
'Finished building: VGAtest.elf.elfcheck'
' '
11:48:11 **** Auto Build of project Space_invaders_bsp ****
make -k all 
'Finished building libraries'
11:48:11 **** Auto Build of project VGAtest_bsp ****
make -k all 
'Finished building libraries'
11:49:12 **** Auto Build of configuration Debug for project VGAtest ****
make all 
'Building file: ../src/helloworld.c'
'Invoking: MicroBlaze gcc compiler'
mb-gcc -Wall -O0 -g3 -c -fmessage-length=0 -I../../VGAtest_bsp/microblaze_0/include -mlittle-endian -mxl-barrel-shift -mxl-pattern-compare -mcpu=v8.50.b -mno-xl-soft-mul -Wl,--no-relax -ffunction-sections -fdata-sections -MMD -MP -MF"src/helloworld.d" -MT"src/helloworld.d" -o "src/helloworld.o" "../src/helloworld.c"
../src/helloworld.c: In function 'main':
../src/helloworld.c:162:6: warning: unused variable 'i' [-Wunused-variable]
'Finished building: ../src/helloworld.c'
' '
'Building target: VGAtest.elf'
'Invoking: MicroBlaze gcc linker'
mb-gcc -Wl,-T -Wl,../src/lscript.ld -L../../VGAtest_bsp/microblaze_0/lib -mlittle-endian -mxl-barrel-shift -mxl-pattern-compare -mcpu=v8.50.b -mno-xl-soft-mul -Wl,--no-relax -Wl,--gc-sections -o "VGAtest.elf"  ./src/helloworld.o ./src/platform.o   -Wl,--start-group,-lxil,-lgcc,-lc,--end-group
'Finished building target: VGAtest.elf'
' '
'Invoking: MicroBlaze Print Size'
mb-size VGAtest.elf  |tee "VGAtest.elf.size"
   text	   data	    bss	    dec	    hex	filename
   7870	    316	   2240	  10426	   28ba	VGAtest.elf
'Finished building: VGAtest.elf.size'
' '
'Invoking: Xilinx ELF Check'
elfcheck VGAtest.elf -hw ../../TREX_hw_platform/system.xml -pe microblaze_0  |tee "VGAtest.elf.elfcheck"
elfcheck
Xilinx EDK 14.6 Build EDK_P.68d
Copyright (c) 1995-2012 Xilinx, Inc.  All rights reserved.

Command Line: elfcheck -hw ../../TREX_hw_platform/system.xml -pe microblaze_0
VGAtest.elf 

ELF file	: VGAtest.elf
elfcheck passed.
'Finished building: VGAtest.elf.elfcheck'
' '
11:49:23 **** Auto Build of project Space_invaders_bsp ****
make -k all 
'Finished building libraries'
11:49:23 **** Auto Build of project VGAtest_bsp ****
make -k all 
'Finished building libraries'
11:49:32 **** Auto Build of configuration Debug for project VGAtest ****
make all 
'Building file: ../src/helloworld.c'
'Invoking: MicroBlaze gcc compiler'
mb-gcc -Wall -O0 -g3 -c -fmessage-length=0 -I../../VGAtest_bsp/microblaze_0/include -mlittle-endian -mxl-barrel-shift -mxl-pattern-compare -mcpu=v8.50.b -mno-xl-soft-mul -Wl,--no-relax -ffunction-sections -fdata-sections -MMD -MP -MF"src/helloworld.d" -MT"src/helloworld.d" -o "src/helloworld.o" "../src/helloworld.c"
../src/helloworld.c: In function 'main':
../src/helloworld.c:162:6: warning: unused variable 'i' [-Wunused-variable]
'Finished building: ../src/helloworld.c'
' '
'Building target: VGAtest.elf'
'Invoking: MicroBlaze gcc linker'
mb-gcc -Wl,-T -Wl,../src/lscript.ld -L../../VGAtest_bsp/microblaze_0/lib -mlittle-endian -mxl-barrel-shift -mxl-pattern-compare -mcpu=v8.50.b -mno-xl-soft-mul -Wl,--no-relax -Wl,--gc-sections -o "VGAtest.elf"  ./src/helloworld.o ./src/platform.o   -Wl,--start-group,-lxil,-lgcc,-lc,--end-group
'Finished building target: VGAtest.elf'
' '
'Invoking: MicroBlaze Print Size'
mb-size VGAtest.elf  |tee "VGAtest.elf.size"
   text	   data	    bss	    dec	    hex	filename
   7870	    316	   2240	  10426	   28ba	VGAtest.elf
'Finished building: VGAtest.elf.size'
' '
'Invoking: Xilinx ELF Check'
elfcheck VGAtest.elf -hw ../../TREX_hw_platform/system.xml -pe microblaze_0  |tee "VGAtest.elf.elfcheck"
elfcheck
Xilinx EDK 14.6 Build EDK_P.68d
Copyright (c) 1995-2012 Xilinx, Inc.  All rights reserved.

Command Line: elfcheck -hw ../../TREX_hw_platform/system.xml -pe microblaze_0
VGAtest.elf 

ELF file	: VGAtest.elf
elfcheck passed.
'Finished building: VGAtest.elf.elfcheck'
' '
11:49:45 **** Auto Build of configuration Debug for project VGAtest ****
make all 
'Building file: ../src/helloworld.c'
'Invoking: MicroBlaze gcc compiler'
mb-gcc -Wall -O0 -g3 -c -fmessage-length=0 -I../../VGAtest_bsp/microblaze_0/include -mlittle-endian -mxl-barrel-shift -mxl-pattern-compare -mcpu=v8.50.b -mno-xl-soft-mul -Wl,--no-relax -ffunction-sections -fdata-sections -MMD -MP -MF"src/helloworld.d" -MT"src/helloworld.d" -o "src/helloworld.o" "../src/helloworld.c"
../src/helloworld.c: In function 'main':
../src/helloworld.c:162:6: warning: unused variable 'i' [-Wunused-variable]
'Finished building: ../src/helloworld.c'
' '
'Building target: VGAtest.elf'
'Invoking: MicroBlaze gcc linker'
mb-gcc -Wl,-T -Wl,../src/lscript.ld -L../../VGAtest_bsp/microblaze_0/lib -mlittle-endian -mxl-barrel-shift -mxl-pattern-compare -mcpu=v8.50.b -mno-xl-soft-mul -Wl,--no-relax -Wl,--gc-sections -o "VGAtest.elf"  ./src/helloworld.o ./src/platform.o   -Wl,--start-group,-lxil,-lgcc,-lc,--end-group
'Finished building target: VGAtest.elf'
' '
'Invoking: MicroBlaze Print Size'
mb-size VGAtest.elf  |tee "VGAtest.elf.size"
   text	   data	    bss	    dec	    hex	filename
   7870	    316	   2240	  10426	   28ba	VGAtest.elf
'Finished building: VGAtest.elf.size'
' '
'Invoking: Xilinx ELF Check'
elfcheck VGAtest.elf -hw ../../TREX_hw_platform/system.xml -pe microblaze_0  |tee "VGAtest.elf.elfcheck"
elfcheck
Xilinx EDK 14.6 Build EDK_P.68d
Copyright (c) 1995-2012 Xilinx, Inc.  All rights reserved.

Command Line: elfcheck -hw ../../TREX_hw_platform/system.xml -pe microblaze_0
VGAtest.elf 

ELF file	: VGAtest.elf
elfcheck passed.
'Finished building: VGAtest.elf.elfcheck'
' '
11:49:55 **** Auto Build of project Space_invaders_bsp ****
make -k all 
'Finished building libraries'
11:49:55 **** Auto Build of project VGAtest_bsp ****
make -k all 
'Finished building libraries'
11:49:59 **** Auto Build of configuration Debug for project VGAtest ****
make all 
'Building file: ../src/helloworld.c'
'Invoking: MicroBlaze gcc compiler'
mb-gcc -Wall -O0 -g3 -c -fmessage-length=0 -I../../VGAtest_bsp/microblaze_0/include -mlittle-endian -mxl-barrel-shift -mxl-pattern-compare -mcpu=v8.50.b -mno-xl-soft-mul -Wl,--no-relax -ffunction-sections -fdata-sections -MMD -MP -MF"src/helloworld.d" -MT"src/helloworld.d" -o "src/helloworld.o" "../src/helloworld.c"
../src/helloworld.c: In function 'main':
../src/helloworld.c:162:6: warning: unused variable 'i' [-Wunused-variable]
'Finished building: ../src/helloworld.c'
' '
'Building target: VGAtest.elf'
'Invoking: MicroBlaze gcc linker'
mb-gcc -Wl,-T -Wl,../src/lscript.ld -L../../VGAtest_bsp/microblaze_0/lib -mlittle-endian -mxl-barrel-shift -mxl-pattern-compare -mcpu=v8.50.b -mno-xl-soft-mul -Wl,--no-relax -Wl,--gc-sections -o "VGAtest.elf"  ./src/helloworld.o ./src/platform.o   -Wl,--start-group,-lxil,-lgcc,-lc,--end-group
'Finished building target: VGAtest.elf'
' '
'Invoking: MicroBlaze Print Size'
mb-size VGAtest.elf  |tee "VGAtest.elf.size"
   text	   data	    bss	    dec	    hex	filename
   7890	    316	   2250	  10456	   28d8	VGAtest.elf
'Finished building: VGAtest.elf.size'
' '
'Invoking: Xilinx ELF Check'
elfcheck VGAtest.elf -hw ../../TREX_hw_platform/system.xml -pe microblaze_0  |tee "VGAtest.elf.elfcheck"
elfcheck
Xilinx EDK 14.6 Build EDK_P.68d
Copyright (c) 1995-2012 Xilinx, Inc.  All rights reserved.

Command Line: elfcheck -hw ../../TREX_hw_platform/system.xml -pe microblaze_0
VGAtest.elf 

ELF file	: VGAtest.elf
elfcheck passed.
'Finished building: VGAtest.elf.elfcheck'
' '
11:50:09 **** Auto Build of project Space_invaders_bsp ****
make -k all 
'Finished building libraries'
11:50:09 **** Auto Build of project VGAtest_bsp ****
make -k all 
'Finished building libraries'
11:50:14 **** Auto Build of configuration Debug for project VGAtest ****
make all 
'Building file: ../src/helloworld.c'
'Invoking: MicroBlaze gcc compiler'
mb-gcc -Wall -O0 -g3 -c -fmessage-length=0 -I../../VGAtest_bsp/microblaze_0/include -mlittle-endian -mxl-barrel-shift -mxl-pattern-compare -mcpu=v8.50.b -mno-xl-soft-mul -Wl,--no-relax -ffunction-sections -fdata-sections -MMD -MP -MF"src/helloworld.d" -MT"src/helloworld.d" -o "src/helloworld.o" "../src/helloworld.c"
../src/helloworld.c: In function 'main':
../src/helloworld.c:162:6: warning: unused variable 'i' [-Wunused-variable]
'Finished building: ../src/helloworld.c'
' '
'Building target: VGAtest.elf'
'Invoking: MicroBlaze gcc linker'
mb-gcc -Wl,-T -Wl,../src/lscript.ld -L../../VGAtest_bsp/microblaze_0/lib -mlittle-endian -mxl-barrel-shift -mxl-pattern-compare -mcpu=v8.50.b -mno-xl-soft-mul -Wl,--no-relax -Wl,--gc-sections -o "VGAtest.elf"  ./src/helloworld.o ./src/platform.o   -Wl,--start-group,-lxil,-lgcc,-lc,--end-group
'Finished building target: VGAtest.elf'
' '
'Invoking: MicroBlaze Print Size'
mb-size VGAtest.elf  |tee "VGAtest.elf.size"
   text	   data	    bss	    dec	    hex	filename
   7890	    316	   2250	  10456	   28d8	VGAtest.elf
'Finished building: VGAtest.elf.size'
' '
'Invoking: Xilinx ELF Check'
elfcheck VGAtest.elf -hw ../../TREX_hw_platform/system.xml -pe microblaze_0  |tee "VGAtest.elf.elfcheck"
elfcheck
Xilinx EDK 14.6 Build EDK_P.68d
Copyright (c) 1995-2012 Xilinx, Inc.  All rights reserved.

Command Line: elfcheck -hw ../../TREX_hw_platform/system.xml -pe microblaze_0
VGAtest.elf 

ELF file	: VGAtest.elf
elfcheck passed.
'Finished building: VGAtest.elf.elfcheck'
' '
11:50:24 **** Auto Build of project Space_invaders_bsp ****
make -k all 
'Finished building libraries'
11:50:24 **** Auto Build of project VGAtest_bsp ****
make -k all 
'Finished building libraries'
11:50:26 **** Auto Build of configuration Debug for project VGAtest ****
make all 
'Building file: ../src/helloworld.c'
'Invoking: MicroBlaze gcc compiler'
mb-gcc -Wall -O0 -g3 -c -fmessage-length=0 -I../../VGAtest_bsp/microblaze_0/include -mlittle-endian -mxl-barrel-shift -mxl-pattern-compare -mcpu=v8.50.b -mno-xl-soft-mul -Wl,--no-relax -ffunction-sections -fdata-sections -MMD -MP -MF"src/helloworld.d" -MT"src/helloworld.d" -o "src/helloworld.o" "../src/helloworld.c"
../src/helloworld.c: In function 'main':
../src/helloworld.c:162:6: warning: unused variable 'i' [-Wunused-variable]
'Finished building: ../src/helloworld.c'
' '
'Building target: VGAtest.elf'
'Invoking: MicroBlaze gcc linker'
mb-gcc -Wl,-T -Wl,../src/lscript.ld -L../../VGAtest_bsp/microblaze_0/lib -mlittle-endian -mxl-barrel-shift -mxl-pattern-compare -mcpu=v8.50.b -mno-xl-soft-mul -Wl,--no-relax -Wl,--gc-sections -o "VGAtest.elf"  ./src/helloworld.o ./src/platform.o   -Wl,--start-group,-lxil,-lgcc,-lc,--end-group
'Finished building target: VGAtest.elf'
' '
'Invoking: MicroBlaze Print Size'
mb-size VGAtest.elf  |tee "VGAtest.elf.size"
   text	   data	    bss	    dec	    hex	filename
   7890	    316	   2250	  10456	   28d8	VGAtest.elf
'Finished building: VGAtest.elf.size'
' '
'Invoking: Xilinx ELF Check'
elfcheck VGAtest.elf -hw ../../TREX_hw_platform/system.xml -pe microblaze_0  |tee "VGAtest.elf.elfcheck"
elfcheck
Xilinx EDK 14.6 Build EDK_P.68d
Copyright (c) 1995-2012 Xilinx, Inc.  All rights reserved.

Command Line: elfcheck -hw ../../TREX_hw_platform/system.xml -pe microblaze_0
VGAtest.elf 

ELF file	: VGAtest.elf
elfcheck passed.
'Finished building: VGAtest.elf.elfcheck'
' '
11:50:54 **** Auto Build of configuration Debug for project VGAtest ****
make all 
'Building file: ../src/helloworld.c'
'Invoking: MicroBlaze gcc compiler'
mb-gcc -Wall -O0 -g3 -c -fmessage-length=0 -I../../VGAtest_bsp/microblaze_0/include -mlittle-endian -mxl-barrel-shift -mxl-pattern-compare -mcpu=v8.50.b -mno-xl-soft-mul -Wl,--no-relax -ffunction-sections -fdata-sections -MMD -MP -MF"src/helloworld.d" -MT"src/helloworld.d" -o "src/helloworld.o" "../src/helloworld.c"
../src/helloworld.c: In function 'main':
../src/helloworld.c:166:6: warning: unused variable 'i' [-Wunused-variable]
'Finished building: ../src/helloworld.c'
' '
'Building target: VGAtest.elf'
'Invoking: MicroBlaze gcc linker'
mb-gcc -Wl,-T -Wl,../src/lscript.ld -L../../VGAtest_bsp/microblaze_0/lib -mlittle-endian -mxl-barrel-shift -mxl-pattern-compare -mcpu=v8.50.b -mno-xl-soft-mul -Wl,--no-relax -Wl,--gc-sections -o "VGAtest.elf"  ./src/helloworld.o ./src/platform.o   -Wl,--start-group,-lxil,-lgcc,-lc,--end-group
'Finished building target: VGAtest.elf'
' '
'Invoking: MicroBlaze Print Size'
mb-size VGAtest.elf  |tee "VGAtest.elf.size"
   text	   data	    bss	    dec	    hex	filename
   7966	    316	   2240	  10522	   291a	VGAtest.elf
'Finished building: VGAtest.elf.size'
' '
'Invoking: Xilinx ELF Check'
elfcheck VGAtest.elf -hw ../../TREX_hw_platform/system.xml -pe microblaze_0  |tee "VGAtest.elf.elfcheck"
elfcheck
Xilinx EDK 14.6 Build EDK_P.68d
Copyright (c) 1995-2012 Xilinx, Inc.  All rights reserved.

Command Line: elfcheck -hw ../../TREX_hw_platform/system.xml -pe microblaze_0
VGAtest.elf 

ELF file	: VGAtest.elf
elfcheck passed.
'Finished building: VGAtest.elf.elfcheck'
' '
11:51:05 **** Auto Build of project Space_invaders_bsp ****
make -k all 
'Finished building libraries'
11:51:05 **** Auto Build of project VGAtest_bsp ****
make -k all 
'Finished building libraries'
