15:45:16 **** Auto Build of configuration Release for project TREX ****
make all 
'Building file: ../src/main.c'
'Invoking: MicroBlaze gcc compiler'
mb-gcc -Wall -O2 -c -fmessage-length=0 -I../../TREX_bsp/microblaze_0/include -mlittle-endian -mxl-barrel-shift -mxl-pattern-compare -mcpu=v8.50.b -mno-xl-soft-mul -MMD -MP -MF"src/main.d" -MT"src/main.d" -o "src/main.o" "../src/main.c"
'Finished building: ../src/main.c'
' '
'Building target: TREX.elf'
'Invoking: MicroBlaze gcc linker'
mb-gcc -Wl,-T -Wl,../src/lscript.ld -L../../TREX_bsp/microblaze_0/lib -mlittle-endian -mxl-barrel-shift -mxl-pattern-compare -mcpu=v8.50.b -mno-xl-soft-mul -o "TREX.elf"  ./src/bird.o ./src/cactus.o ./src/cloud.o ./src/collision.o ./src/ground.o ./src/input.o ./src/main.o ./src/platform.o ./src/player.o ./src/sprite.o ./src/vga.o   -Wl,--start-group,-lxil,-lgcc,-lc,--end-group
'Finished building target: TREX.elf'
' '
'Invoking: MicroBlaze Print Size'
mb-size TREX.elf  |tee "TREX.elf.size"
   text	   data	    bss	    dec	    hex	filename
  19770	   1516	   2634	  23920	   5d70	TREX.elf
'Finished building: TREX.elf.size'
' '
'Invoking: Xilinx ELF Check'
elfcheck TREX.elf -hw ../../TREX_hw_platform/system.xml -pe microblaze_0  |tee "TREX.elf.elfcheck"
elfcheck
Xilinx EDK 14.6 Build EDK_P.68d
Copyright (c) 1995-2012 Xilinx, Inc.  All rights reserved.

Command Line: elfcheck -hw ../../TREX_hw_platform/system.xml -pe microblaze_0
TREX.elf 

ELF file	: TREX.elf
elfcheck passed.
'Finished building: TREX.elf.elfcheck'
' '

15:45:17 Build Finished (took 1s.325ms)

