11:50:54 **** Auto Build of configuration Debug for project VGAtest ****
make all 
'Building file: ../src/helloworld.c'
'Invoking: MicroBlaze gcc compiler'
mb-gcc -Wall -O0 -g3 -c -fmessage-length=0 -I../../VGAtest_bsp/microblaze_0/include -mlittle-endian -mxl-barrel-shift -mxl-pattern-compare -mcpu=v8.50.b -mno-xl-soft-mul -Wl,--no-relax -ffunction-sections -fdata-sections -MMD -MP -MF"src/helloworld.d" -MT"src/helloworld.d" -o "src/helloworld.o" "../src/helloworld.c"
../src/helloworld.c: In function 'main':
../src/helloworld.c:166:6: warning: unused variable 'i' [-Wunused-variable]
'Finished building: ../src/helloworld.c'
' '
'Building target: VGAtest.elf'
'Invoking: MicroBlaze gcc linker'
mb-gcc -Wl,-T -Wl,../src/lscript.ld -L../../VGAtest_bsp/microblaze_0/lib -mlittle-endian -mxl-barrel-shift -mxl-pattern-compare -mcpu=v8.50.b -mno-xl-soft-mul -Wl,--no-relax -Wl,--gc-sections -o "VGAtest.elf"  ./src/helloworld.o ./src/platform.o   -Wl,--start-group,-lxil,-lgcc,-lc,--end-group
'Finished building target: VGAtest.elf'
' '
'Invoking: MicroBlaze Print Size'
mb-size VGAtest.elf  |tee "VGAtest.elf.size"
   text	   data	    bss	    dec	    hex	filename
   7966	    316	   2240	  10522	   291a	VGAtest.elf
'Finished building: VGAtest.elf.size'
' '
'Invoking: Xilinx ELF Check'
elfcheck VGAtest.elf -hw ../../TREX_hw_platform/system.xml -pe microblaze_0  |tee "VGAtest.elf.elfcheck"
elfcheck
Xilinx EDK 14.6 Build EDK_P.68d
Copyright (c) 1995-2012 Xilinx, Inc.  All rights reserved.

Command Line: elfcheck -hw ../../TREX_hw_platform/system.xml -pe microblaze_0
VGAtest.elf 

ELF file	: VGAtest.elf
elfcheck passed.
'Finished building: VGAtest.elf.elfcheck'
' '

11:50:56 Build Finished (took 1s.326ms)

