11:55:56 **** Incremental Build of configuration Release for project TREX ****
make all 
'Building file: ../src/bird.c'
'Invoking: MicroBlaze gcc compiler'
mb-gcc -Wall -O2 -c -fmessage-length=0 -I../../TREX_bsp/microblaze_0/include -mlittle-endian -mxl-barrel-shift -mxl-pattern-compare -mcpu=v8.50.b -mno-xl-soft-mul -MMD -MP -MF"src/bird.d" -MT"src/bird.d" -o "src/bird.o" "../src/bird.c"
'Finished building: ../src/bird.c'
' '
'Building file: ../src/cactus.c'
'Invoking: MicroBlaze gcc compiler'
mb-gcc -Wall -O2 -c -fmessage-length=0 -I../../TREX_bsp/microblaze_0/include -mlittle-endian -mxl-barrel-shift -mxl-pattern-compare -mcpu=v8.50.b -mno-xl-soft-mul -MMD -MP -MF"src/cactus.d" -MT"src/cactus.d" -o "src/cactus.o" "../src/cactus.c"
'Finished building: ../src/cactus.c'
' '
'Building file: ../src/cloud.c'
'Invoking: MicroBlaze gcc compiler'
mb-gcc -Wall -O2 -c -fmessage-length=0 -I../../TREX_bsp/microblaze_0/include -mlittle-endian -mxl-barrel-shift -mxl-pattern-compare -mcpu=v8.50.b -mno-xl-soft-mul -MMD -MP -MF"src/cloud.d" -MT"src/cloud.d" -o "src/cloud.o" "../src/cloud.c"
'Finished building: ../src/cloud.c'
' '
'Building file: ../src/collision.c'
'Invoking: MicroBlaze gcc compiler'
mb-gcc -Wall -O2 -c -fmessage-length=0 -I../../TREX_bsp/microblaze_0/include -mlittle-endian -mxl-barrel-shift -mxl-pattern-compare -mcpu=v8.50.b -mno-xl-soft-mul -MMD -MP -MF"src/collision.d" -MT"src/collision.d" -o "src/collision.o" "../src/collision.c"
'Finished building: ../src/collision.c'
' '
'Building file: ../src/ground.c'
'Invoking: MicroBlaze gcc compiler'
mb-gcc -Wall -O2 -c -fmessage-length=0 -I../../TREX_bsp/microblaze_0/include -mlittle-endian -mxl-barrel-shift -mxl-pattern-compare -mcpu=v8.50.b -mno-xl-soft-mul -MMD -MP -MF"src/ground.d" -MT"src/ground.d" -o "src/ground.o" "../src/ground.c"
'Finished building: ../src/ground.c'
' '
'Building file: ../src/input.c'
'Invoking: MicroBlaze gcc compiler'
mb-gcc -Wall -O2 -c -fmessage-length=0 -I../../TREX_bsp/microblaze_0/include -mlittle-endian -mxl-barrel-shift -mxl-pattern-compare -mcpu=v8.50.b -mno-xl-soft-mul -MMD -MP -MF"src/input.d" -MT"src/input.d" -o "src/input.o" "../src/input.c"
'Finished building: ../src/input.c'
' '
'Building file: ../src/main.c'
'Invoking: MicroBlaze gcc compiler'
mb-gcc -Wall -O2 -c -fmessage-length=0 -I../../TREX_bsp/microblaze_0/include -mlittle-endian -mxl-barrel-shift -mxl-pattern-compare -mcpu=v8.50.b -mno-xl-soft-mul -MMD -MP -MF"src/main.d" -MT"src/main.d" -o "src/main.o" "../src/main.c"
'Finished building: ../src/main.c'
' '
'Building file: ../src/platform.c'
'Invoking: MicroBlaze gcc compiler'
mb-gcc -Wall -O2 -c -fmessage-length=0 -I../../TREX_bsp/microblaze_0/include -mlittle-endian -mxl-barrel-shift -mxl-pattern-compare -mcpu=v8.50.b -mno-xl-soft-mul -MMD -MP -MF"src/platform.d" -MT"src/platform.d" -o "src/platform.o" "../src/platform.c"
'Finished building: ../src/platform.c'
' '
'Building file: ../src/player.c'
'Invoking: MicroBlaze gcc compiler'
mb-gcc -Wall -O2 -c -fmessage-length=0 -I../../TREX_bsp/microblaze_0/include -mlittle-endian -mxl-barrel-shift -mxl-pattern-compare -mcpu=v8.50.b -mno-xl-soft-mul -MMD -MP -MF"src/player.d" -MT"src/player.d" -o "src/player.o" "../src/player.c"
'Finished building: ../src/player.c'
' '
'Building file: ../src/sprite.c'
'Invoking: MicroBlaze gcc compiler'
mb-gcc -Wall -O2 -c -fmessage-length=0 -I../../TREX_bsp/microblaze_0/include -mlittle-endian -mxl-barrel-shift -mxl-pattern-compare -mcpu=v8.50.b -mno-xl-soft-mul -MMD -MP -MF"src/sprite.d" -MT"src/sprite.d" -o "src/sprite.o" "../src/sprite.c"
'Finished building: ../src/sprite.c'
' '
'Building file: ../src/vga.c'
'Invoking: MicroBlaze gcc compiler'
mb-gcc -Wall -O2 -c -fmessage-length=0 -I../../TREX_bsp/microblaze_0/include -mlittle-endian -mxl-barrel-shift -mxl-pattern-compare -mcpu=v8.50.b -mno-xl-soft-mul -MMD -MP -MF"src/vga.d" -MT"src/vga.d" -o "src/vga.o" "../src/vga.c"
'Finished building: ../src/vga.c'
' '
'Building target: TREX.elf'
'Invoking: MicroBlaze gcc linker'
mb-gcc -Wl,-T -Wl,../src/lscript.ld -L../../TREX_bsp/microblaze_0/lib -mlittle-endian -mxl-barrel-shift -mxl-pattern-compare -mcpu=v8.50.b -mno-xl-soft-mul -o "TREX.elf"  ./src/bird.o ./src/cactus.o ./src/cloud.o ./src/collision.o ./src/ground.o ./src/input.o ./src/main.o ./src/platform.o ./src/player.o ./src/sprite.o ./src/vga.o   -Wl,--start-group,-lxil,-lgcc,-lc,--end-group
'Finished building target: TREX.elf'
' '
'Invoking: MicroBlaze Print Size'
mb-size TREX.elf  |tee "TREX.elf.size"
   text	   data	    bss	    dec	    hex	filename
  21578	   1564	   2650	  25792	   64c0	TREX.elf
'Finished building: TREX.elf.size'
' '
'Invoking: Xilinx ELF Check'
elfcheck TREX.elf -hw ../../trex_clean_hw_platform/system.xml -pe microblaze_0  |tee "TREX.elf.elfcheck"
elfcheck
Xilinx EDK 14.6 Build EDK_P.68d
Copyright (c) 1995-2012 Xilinx, Inc.  All rights reserved.

Command Line: elfcheck -hw ../../trex_clean_hw_platform/system.xml -pe
microblaze_0 TREX.elf 

ELF file	: TREX.elf
elfcheck passed.
'Finished building: TREX.elf.elfcheck'
' '
11:56:03 **** Clean-only build of configuration Release for project TREX ****
make clean 
rm -rf  ./src/bird.o ./src/cactus.o ./src/cloud.o ./src/collision.o ./src/ground.o ./src/input.o ./src/main.o ./src/platform.o ./src/player.o ./src/sprite.o ./src/vga.o  ./src/bird.d ./src/cactus.d ./src/cloud.d ./src/collision.d ./src/ground.d ./src/input.d ./src/main.d ./src/platform.d ./src/player.d ./src/sprite.d ./src/vga.d  TREX.elf.size  TREX.elf.elfcheck  TREX.elf
' '
11:56:03 **** Auto Build of configuration Release for project TREX ****
make all 
'Building file: ../src/bird.c'
'Invoking: MicroBlaze gcc compiler'
mb-gcc -Wall -O2 -c -fmessage-length=0 -I../../TREX_bsp/microblaze_0/include -mlittle-endian -mxl-barrel-shift -mxl-pattern-compare -mcpu=v8.50.b -mno-xl-soft-mul -MMD -MP -MF"src/bird.d" -MT"src/bird.d" -o "src/bird.o" "../src/bird.c"
'Finished building: ../src/bird.c'
' '
'Building file: ../src/cactus.c'
'Invoking: MicroBlaze gcc compiler'
mb-gcc -Wall -O2 -c -fmessage-length=0 -I../../TREX_bsp/microblaze_0/include -mlittle-endian -mxl-barrel-shift -mxl-pattern-compare -mcpu=v8.50.b -mno-xl-soft-mul -MMD -MP -MF"src/cactus.d" -MT"src/cactus.d" -o "src/cactus.o" "../src/cactus.c"
'Finished building: ../src/cactus.c'
' '
'Building file: ../src/cloud.c'
'Invoking: MicroBlaze gcc compiler'
mb-gcc -Wall -O2 -c -fmessage-length=0 -I../../TREX_bsp/microblaze_0/include -mlittle-endian -mxl-barrel-shift -mxl-pattern-compare -mcpu=v8.50.b -mno-xl-soft-mul -MMD -MP -MF"src/cloud.d" -MT"src/cloud.d" -o "src/cloud.o" "../src/cloud.c"
'Finished building: ../src/cloud.c'
' '
'Building file: ../src/collision.c'
'Invoking: MicroBlaze gcc compiler'
mb-gcc -Wall -O2 -c -fmessage-length=0 -I../../TREX_bsp/microblaze_0/include -mlittle-endian -mxl-barrel-shift -mxl-pattern-compare -mcpu=v8.50.b -mno-xl-soft-mul -MMD -MP -MF"src/collision.d" -MT"src/collision.d" -o "src/collision.o" "../src/collision.c"
'Finished building: ../src/collision.c'
' '
'Building file: ../src/ground.c'
'Invoking: MicroBlaze gcc compiler'
mb-gcc -Wall -O2 -c -fmessage-length=0 -I../../TREX_bsp/microblaze_0/include -mlittle-endian -mxl-barrel-shift -mxl-pattern-compare -mcpu=v8.50.b -mno-xl-soft-mul -MMD -MP -MF"src/ground.d" -MT"src/ground.d" -o "src/ground.o" "../src/ground.c"
'Finished building: ../src/ground.c'
' '
'Building file: ../src/input.c'
'Invoking: MicroBlaze gcc compiler'
mb-gcc -Wall -O2 -c -fmessage-length=0 -I../../TREX_bsp/microblaze_0/include -mlittle-endian -mxl-barrel-shift -mxl-pattern-compare -mcpu=v8.50.b -mno-xl-soft-mul -MMD -MP -MF"src/input.d" -MT"src/input.d" -o "src/input.o" "../src/input.c"
'Finished building: ../src/input.c'
' '
'Building file: ../src/main.c'
'Invoking: MicroBlaze gcc compiler'
mb-gcc -Wall -O2 -c -fmessage-length=0 -I../../TREX_bsp/microblaze_0/include -mlittle-endian -mxl-barrel-shift -mxl-pattern-compare -mcpu=v8.50.b -mno-xl-soft-mul -MMD -MP -MF"src/main.d" -MT"src/main.d" -o "src/main.o" "../src/main.c"
'Finished building: ../src/main.c'
' '
'Building file: ../src/platform.c'
'Invoking: MicroBlaze gcc compiler'
mb-gcc -Wall -O2 -c -fmessage-length=0 -I../../TREX_bsp/microblaze_0/include -mlittle-endian -mxl-barrel-shift -mxl-pattern-compare -mcpu=v8.50.b -mno-xl-soft-mul -MMD -MP -MF"src/platform.d" -MT"src/platform.d" -o "src/platform.o" "../src/platform.c"
'Finished building: ../src/platform.c'
' '
'Building file: ../src/player.c'
'Invoking: MicroBlaze gcc compiler'
mb-gcc -Wall -O2 -c -fmessage-length=0 -I../../TREX_bsp/microblaze_0/include -mlittle-endian -mxl-barrel-shift -mxl-pattern-compare -mcpu=v8.50.b -mno-xl-soft-mul -MMD -MP -MF"src/player.d" -MT"src/player.d" -o "src/player.o" "../src/player.c"
'Finished building: ../src/player.c'
' '
'Building file: ../src/sprite.c'
'Invoking: MicroBlaze gcc compiler'
mb-gcc -Wall -O2 -c -fmessage-length=0 -I../../TREX_bsp/microblaze_0/include -mlittle-endian -mxl-barrel-shift -mxl-pattern-compare -mcpu=v8.50.b -mno-xl-soft-mul -MMD -MP -MF"src/sprite.d" -MT"src/sprite.d" -o "src/sprite.o" "../src/sprite.c"
'Finished building: ../src/sprite.c'
' '
'Building file: ../src/vga.c'
'Invoking: MicroBlaze gcc compiler'
mb-gcc -Wall -O2 -c -fmessage-length=0 -I../../TREX_bsp/microblaze_0/include -mlittle-endian -mxl-barrel-shift -mxl-pattern-compare -mcpu=v8.50.b -mno-xl-soft-mul -MMD -MP -MF"src/vga.d" -MT"src/vga.d" -o "src/vga.o" "../src/vga.c"
'Finished building: ../src/vga.c'
' '
'Building target: TREX.elf'
'Invoking: MicroBlaze gcc linker'
mb-gcc -Wl,-T -Wl,../src/lscript.ld -L../../TREX_bsp/microblaze_0/lib -mlittle-endian -mxl-barrel-shift -mxl-pattern-compare -mcpu=v8.50.b -mno-xl-soft-mul -o "TREX.elf"  ./src/bird.o ./src/cactus.o ./src/cloud.o ./src/collision.o ./src/ground.o ./src/input.o ./src/main.o ./src/platform.o ./src/player.o ./src/sprite.o ./src/vga.o   -Wl,--start-group,-lxil,-lgcc,-lc,--end-group
'Finished building target: TREX.elf'
' '
'Invoking: MicroBlaze Print Size'
mb-size TREX.elf  |tee "TREX.elf.size"
   text	   data	    bss	    dec	    hex	filename
  21578	   1564	   2650	  25792	   64c0	TREX.elf
'Finished building: TREX.elf.size'
' '
'Invoking: Xilinx ELF Check'
elfcheck TREX.elf -hw ../../trex_clean_hw_platform/system.xml -pe microblaze_0  |tee "TREX.elf.elfcheck"
elfcheck
Xilinx EDK 14.6 Build EDK_P.68d
Copyright (c) 1995-2012 Xilinx, Inc.  All rights reserved.

Command Line: elfcheck -hw ../../trex_clean_hw_platform/system.xml -pe
microblaze_0 TREX.elf 

ELF file	: TREX.elf
elfcheck passed.
'Finished building: TREX.elf.elfcheck'
' '
11:56:41 **** Auto Build of project TREX_bsp ****
make -k all 
'Finished building libraries'
